

================================================================
== Vivado HLS Report for 'min_max_shmem'
================================================================
* Date:           Thu Mar 12 04:18:15 2020

* Version:        2019.2 (Build 2704478 on Wed Nov 06 22:10:23 MST 2019)
* Project:        min_max
* Solution:       solution1
* Product family: zynquplus
* Target device:  xczu3eg-sbva484-1-e


================================================================
== Performance Estimates
================================================================
+ Timing: 
    * Summary: 
    +--------+----------+----------+------------+
    |  Clock |  Target  | Estimated| Uncertainty|
    +--------+----------+----------+------------+
    |ap_clk  | 10.00 ns | 8.750 ns |   1.25 ns  |
    +--------+----------+----------+------------+

+ Latency: 
    * Summary: 
    +---------+---------+----------+----------+-----+-----+---------+
    |  Latency (cycles) |  Latency (absolute) |  Interval | Pipeline|
    |   min   |   max   |    min   |    max   | min | max |   Type  |
    +---------+---------+----------+----------+-----+-----+---------+
    |        ?|        ?|         ?|         ?|    ?|    ?|   none  |
    +---------+---------+----------+----------+-----+-----+---------+

    + Detail: 
        * Instance: 
        N/A

        * Loop: 
        +---------------------------+---------+---------+----------+-----------+-----------+-------+----------+
        |                           |  Latency (cycles) | Iteration|  Initiation Interval  |  Trip |          |
        |         Loop Name         |   min   |   max   |  Latency |  achieved |   target  | Count | Pipelined|
        +---------------------------+---------+---------+----------+-----------+-----------+-------+----------+
        |- VSI_LOOP_33              |    38401|    38401|         4|          2|          1|  19200|    yes   |
        |- VSI_LOOP_34_VSI_LOOP_35  |   375646|   375646|         6|          5|          1|  75129|    yes   |
        |- VSI_LOOP_29              |        ?|        ?|       234|        233|          1|      ?|    yes   |
        |- VSI_LOOP_29              |        ?|        ?|       234|        233|          1|      ?|    yes   |
        |- VSI_LOOP_29              |        ?|        ?|       234|        233|          1|      ?|    yes   |
        |- VSI_LOOP_29              |        ?|        ?|       234|        233|          1|      ?|    yes   |
        |- VSI_LOOP_29              |        ?|        ?|       234|        233|          1|      ?|    yes   |
        |- VSI_LOOP_29              |        ?|        ?|       234|        233|          1|      ?|    yes   |
        |- VSI_LOOP_29              |        ?|        ?|       234|        233|          1|      ?|    yes   |
        |- VSI_LOOP_29              |        ?|        ?|       234|        233|          1|      ?|    yes   |
        +---------------------------+---------+---------+----------+-----------+-----------+-------+----------+



================================================================
== Utilization Estimates
================================================================
* Summary: 
+-----------------+---------+-------+--------+-------+-----+
|       Name      | BRAM_18K| DSP48E|   FF   |  LUT  | URAM|
+-----------------+---------+-------+--------+-------+-----+
|DSP              |        -|      1|       -|      -|    -|
|Expression       |        -|      -|       0|   5839|    -|
|FIFO             |        -|      -|       -|      -|    -|
|Instance         |        2|      -|     580|    684|    -|
|Memory           |       38|      -|       0|      0|    0|
|Multiplexer      |        -|      -|       -|   3136|    -|
|Register         |        -|      -|    5248|      -|    -|
+-----------------+---------+-------+--------+-------+-----+
|Total            |       40|      1|    5828|   9659|    0|
+-----------------+---------+-------+--------+-------+-----+
|Available        |      432|    360|  141120|  70560|    0|
+-----------------+---------+-------+--------+-------+-----+
|Utilization (%)  |        9|   ~0  |       4|     13|    0|
+-----------------+---------+-------+--------+-------+-----+

+ Detail: 
    * Instance: 
    +--------------------------------+------------------------------+---------+-------+-----+-----+-----+
    |            Instance            |            Module            | BRAM_18K| DSP48E|  FF | LUT | URAM|
    +--------------------------------+------------------------------+---------+-------+-----+-----+-----+
    |min_max_shmem_AXILiteS_s_axi_U  |min_max_shmem_AXILiteS_s_axi  |        0|      0|   68|  104|    0|
    |min_max_shmem_gmem_m_axi_U      |min_max_shmem_gmem_m_axi      |        2|      0|  512|  580|    0|
    +--------------------------------+------------------------------+---------+-------+-----+-----+-----+
    |Total                           |                              |        2|      0|  580|  684|    0|
    +--------------------------------+------------------------------+---------+-------+-----+-----+-----+

    * DSP48E: 
    +-------------------------+----------------------+----------------+
    |         Instance        |        Module        |   Expression   |
    +-------------------------+----------------------+----------------+
    |min_max_shmem_am_cud_U1  |min_max_shmem_am_cud  | i0 * (i1 + i2) |
    +-------------------------+----------------------+----------------+

    * Memory: 
    +--------------------+----------------------+---------+---+----+-----+-------+-----+------+-------------+
    |       Memory       |        Module        | BRAM_18K| FF| LUT| URAM| Words | Bits| Banks| W*Bits*Banks|
    +--------------------+----------------------+---------+---+----+-----+-------+-----+------+-------------+
    |cam_mat_i_data_V_U  |min_max_shmem_cambkb  |       38|  0|   0|    0|  76800|    8|     1|       614400|
    +--------------------+----------------------+---------+---+----+-----+-------+-----+------+-------------+
    |Total               |                      |       38|  0|   0|    0|  76800|    8|     1|       614400|
    +--------------------+----------------------+---------+---+----+-----+-------+-----+------+-------------+

    * FIFO: 
    N/A

    * Expression: 
    +---------------------------------------+----------+-------+---+----+------------+------------+
    |             Variable Name             | Operation| DSP48E| FF| LUT| Bitwidth P0| Bitwidth P1|
    +---------------------------------------+----------+-------+---+----+------------+------------+
    |add_ln430_10_fu_2903_p2                |     +    |      0|  0|  21|          14|          14|
    |add_ln430_11_fu_2913_p2                |     +    |      0|  0|  24|          17|          17|
    |add_ln430_12_fu_3156_p2                |     +    |      0|  0|  21|          14|          14|
    |add_ln430_13_fu_3166_p2                |     +    |      0|  0|  24|          17|          17|
    |add_ln430_14_fu_3411_p2                |     +    |      0|  0|  21|          14|          14|
    |add_ln430_15_fu_3421_p2                |     +    |      0|  0|  24|          17|          17|
    |add_ln430_16_fu_1612_p2                |     +    |      0|  0|  38|          31|          31|
    |add_ln430_17_fu_1876_p2                |     +    |      0|  0|  38|          31|          31|
    |add_ln430_18_fu_2129_p2                |     +    |      0|  0|  38|          31|          31|
    |add_ln430_19_fu_2384_p2                |     +    |      0|  0|  38|          31|          31|
    |add_ln430_1_fu_1582_p2                 |     +    |      0|  0|  21|          14|          14|
    |add_ln430_20_fu_2669_p2                |     +    |      0|  0|  38|          31|          31|
    |add_ln430_21_fu_2933_p2                |     +    |      0|  0|  38|          31|          31|
    |add_ln430_22_fu_3186_p2                |     +    |      0|  0|  38|          31|          31|
    |add_ln430_23_fu_3441_p2                |     +    |      0|  0|  38|          31|          31|
    |add_ln430_2_fu_1846_p2                 |     +    |      0|  0|  21|          14|          14|
    |add_ln430_3_fu_1856_p2                 |     +    |      0|  0|  24|          17|          17|
    |add_ln430_4_fu_2099_p2                 |     +    |      0|  0|  21|          14|          14|
    |add_ln430_5_fu_2109_p2                 |     +    |      0|  0|  24|          17|          17|
    |add_ln430_6_fu_2354_p2                 |     +    |      0|  0|  21|          14|          14|
    |add_ln430_7_fu_2364_p2                 |     +    |      0|  0|  24|          17|          17|
    |add_ln430_8_fu_2639_p2                 |     +    |      0|  0|  21|          14|          14|
    |add_ln430_9_fu_2649_p2                 |     +    |      0|  0|  24|          17|          17|
    |add_ln430_fu_1592_p2                   |     +    |      0|  0|  24|          17|          17|
    |add_ln434_11_fu_3474_p2                |     +    |      0|  0|  39|          32|           2|
    |add_ln434_2_fu_1909_p2                 |     +    |      0|  0|  39|          32|           2|
    |add_ln434_3_fu_2156_p2                 |     +    |      0|  0|  39|          32|           2|
    |add_ln434_5_fu_2417_p2                 |     +    |      0|  0|  39|          32|           2|
    |add_ln434_6_fu_2696_p2                 |     +    |      0|  0|  39|          32|           1|
    |add_ln434_8_fu_2966_p2                 |     +    |      0|  0|  39|          32|           2|
    |add_ln434_9_fu_3213_p2                 |     +    |      0|  0|  39|          32|           2|
    |add_ln434_fu_1639_p2                   |     +    |      0|  0|  39|          32|           1|
    |add_ln435_10_fu_3502_p2                |     +    |      0|  0|  39|          32|           2|
    |add_ln435_1_fu_1937_p2                 |     +    |      0|  0|  39|          32|           1|
    |add_ln435_3_fu_2184_p2                 |     +    |      0|  0|  39|          32|           2|
    |add_ln435_4_fu_2445_p2                 |     +    |      0|  0|  39|          32|           2|
    |add_ln435_6_fu_2724_p2                 |     +    |      0|  0|  39|          32|           2|
    |add_ln435_7_fu_2994_p2                 |     +    |      0|  0|  39|          32|           1|
    |add_ln435_9_fu_3241_p2                 |     +    |      0|  0|  39|          32|           2|
    |add_ln435_fu_1667_p2                   |     +    |      0|  0|  39|          32|           2|
    |add_ln545_1_fu_1167_p2                 |     +    |      0|  0|  24|          17|           1|
    |add_ln545_fu_1173_p2                   |     +    |      0|  0|  24|          10|          17|
    |add_ln550_1_fu_1021_p2                 |     +    |      0|  0|  24|          17|          17|
    |add_ln550_fu_1141_p2                   |     +    |      0|  0|  24|          17|          17|
    |add_ln551_2_fu_1051_p2                 |     +    |      0|  0|  24|          17|          17|
    |add_ln551_3_fu_1085_p2                 |     +    |      0|  0|  15|           2|           8|
    |add_ln551_4_fu_1123_p2                 |     +    |      0|  0|  24|          17|          17|
    |add_ln551_fu_1152_p2                   |     +    |      0|  0|  24|          17|          17|
    |add_ln552_fu_1186_p2                   |     +    |      0|  0|  24|          17|          17|
    |add_ln553_1_fu_1205_p2                 |     +    |      0|  0|  24|          17|          17|
    |add_ln554_fu_1233_p2                   |     +    |      0|  0|  24|          17|          17|
    |add_ln555_fu_1242_p2                   |     +    |      0|  0|  24|          17|          17|
    |add_ln556_1_fu_1287_p2                 |     +    |      0|  0|  24|          17|          17|
    |add_ln556_fu_1278_p2                   |     +    |      0|  0|  16|           2|           9|
    |add_ln557_fu_1297_p2                   |     +    |      0|  0|  24|          17|          17|
    |add_ln558_1_fu_1215_p2                 |     +    |      0|  0|  16|           9|           9|
    |add_ln558_2_fu_1254_p2                 |     +    |      0|  0|  16|           9|           9|
    |add_ln558_3_fu_1264_p2                 |     +    |      0|  0|  17|          10|          10|
    |add_ln558_4_fu_1312_p2                 |     +    |      0|  0|  16|           9|           9|
    |add_ln558_5_fu_1341_p2                 |     +    |      0|  0|  16|           9|           9|
    |add_ln558_6_fu_1351_p2                 |     +    |      0|  0|  17|          10|          10|
    |add_ln558_7_fu_1361_p2                 |     +    |      0|  0|  18|          11|          11|
    |add_ln558_fu_1307_p2                   |     +    |      0|  0|  24|          17|          17|
    |add_ln574_1_fu_1488_p2                 |     +    |      0|  0|  24|          17|           4|
    |add_ln574_fu_1478_p2                   |     +    |      0|  0|  24|          17|           5|
    |add_ln575_fu_1753_p2                   |     +    |      0|  0|  24|          17|           4|
    |add_ln580_1_fu_2545_p2                 |     +    |      0|  0|  24|          17|           4|
    |add_ln580_fu_2535_p2                   |     +    |      0|  0|  24|          17|           5|
    |add_ln581_fu_2810_p2                   |     +    |      0|  0|  24|          17|           4|
    |err_11_fu_2718_p2                      |     +    |      0|  0|  39|          32|           5|
    |err_13_fu_2960_p2                      |     +    |      0|  0|  39|          32|           5|
    |err_16_fu_3235_p2                      |     +    |      0|  0|  39|          32|           5|
    |err_18_fu_3468_p2                      |     +    |      0|  0|  39|          32|           5|
    |err_3_fu_1903_p2                       |     +    |      0|  0|  39|          32|           5|
    |err_6_fu_2178_p2                       |     +    |      0|  0|  39|          32|           5|
    |err_8_fu_2411_p2                       |     +    |      0|  0|  39|          32|           5|
    |err_fu_1661_p2                         |     +    |      0|  0|  39|          32|           5|
    |i_fu_907_p2                            |     +    |      0|  0|  22|          15|           1|
    |idx_fu_1196_p2                         |     +    |      0|  0|  16|           1|           9|
    |idy_fu_991_p2                          |     +    |      0|  0|  15|           8|           1|
    |j_fu_985_p2                            |     +    |      0|  0|  24|           3|          17|
    |and_ln429_10_fu_2310_p2                |    and   |      0|  0|   2|           1|           1|
    |and_ln429_11_fu_2316_p2                |    and   |      0|  0|   2|           1|           1|
    |and_ln429_12_fu_2589_p2                |    and   |      0|  0|   2|           1|           1|
    |and_ln429_13_fu_2595_p2                |    and   |      0|  0|   2|           1|           1|
    |and_ln429_14_fu_2601_p2                |    and   |      0|  0|   2|           1|           1|
    |and_ln429_15_fu_2853_p2                |    and   |      0|  0|   2|           1|           1|
    |and_ln429_16_fu_2859_p2                |    and   |      0|  0|   2|           1|           1|
    |and_ln429_17_fu_2865_p2                |    and   |      0|  0|   2|           1|           1|
    |and_ln429_18_fu_3106_p2                |    and   |      0|  0|   2|           1|           1|
    |and_ln429_19_fu_3112_p2                |    and   |      0|  0|   2|           1|           1|
    |and_ln429_1_fu_1538_p2                 |    and   |      0|  0|   2|           1|           1|
    |and_ln429_20_fu_3118_p2                |    and   |      0|  0|   2|           1|           1|
    |and_ln429_21_fu_3361_p2                |    and   |      0|  0|   2|           1|           1|
    |and_ln429_22_fu_3367_p2                |    and   |      0|  0|   2|           1|           1|
    |and_ln429_23_fu_3373_p2                |    and   |      0|  0|   2|           1|           1|
    |and_ln429_2_fu_1544_p2                 |    and   |      0|  0|   2|           1|           1|
    |and_ln429_3_fu_1796_p2                 |    and   |      0|  0|   2|           1|           1|
    |and_ln429_4_fu_1802_p2                 |    and   |      0|  0|   2|           1|           1|
    |and_ln429_5_fu_1808_p2                 |    and   |      0|  0|   2|           1|           1|
    |and_ln429_6_fu_2049_p2                 |    and   |      0|  0|   2|           1|           1|
    |and_ln429_7_fu_2055_p2                 |    and   |      0|  0|   2|           1|           1|
    |and_ln429_8_fu_2061_p2                 |    and   |      0|  0|   2|           1|           1|
    |and_ln429_9_fu_2304_p2                 |    and   |      0|  0|   2|           1|           1|
    |and_ln429_fu_1532_p2                   |    and   |      0|  0|   2|           1|           1|
    |and_ln432_1_fu_1891_p2                 |    and   |      0|  0|   2|           1|           1|
    |and_ln432_2_fu_2144_p2                 |    and   |      0|  0|   2|           1|           1|
    |and_ln432_3_fu_2399_p2                 |    and   |      0|  0|   2|           1|           1|
    |and_ln432_4_fu_2684_p2                 |    and   |      0|  0|   2|           1|           1|
    |and_ln432_5_fu_2948_p2                 |    and   |      0|  0|   2|           1|           1|
    |and_ln432_6_fu_3201_p2                 |    and   |      0|  0|   2|           1|           1|
    |and_ln432_7_fu_3456_p2                 |    and   |      0|  0|   2|           1|           1|
    |and_ln432_fu_1627_p2                   |    and   |      0|  0|   2|           1|           1|
    |ap_block_pp0_stage1_11001              |    and   |      0|  0|   2|           1|           1|
    |ap_block_pp2_stage0_11001              |    and   |      0|  0|   2|           1|           1|
    |ap_block_pp2_stage117_11001            |    and   |      0|  0|   2|           1|           1|
    |ap_block_pp2_stage118_11001            |    and   |      0|  0|   2|           1|           1|
    |ap_block_pp2_stage119_11001            |    and   |      0|  0|   2|           1|           1|
    |ap_block_pp2_stage1_11001              |    and   |      0|  0|   2|           1|           1|
    |ap_block_pp3_stage0_11001              |    and   |      0|  0|   2|           1|           1|
    |ap_block_pp3_stage117_11001            |    and   |      0|  0|   2|           1|           1|
    |ap_block_pp3_stage118_11001            |    and   |      0|  0|   2|           1|           1|
    |ap_block_pp3_stage119_11001            |    and   |      0|  0|   2|           1|           1|
    |ap_block_pp3_stage1_11001              |    and   |      0|  0|   2|           1|           1|
    |ap_block_pp4_stage0_11001              |    and   |      0|  0|   2|           1|           1|
    |ap_block_pp4_stage117_11001            |    and   |      0|  0|   2|           1|           1|
    |ap_block_pp4_stage118_11001            |    and   |      0|  0|   2|           1|           1|
    |ap_block_pp4_stage119_11001            |    and   |      0|  0|   2|           1|           1|
    |ap_block_pp4_stage1_11001              |    and   |      0|  0|   2|           1|           1|
    |ap_block_pp5_stage0_11001              |    and   |      0|  0|   2|           1|           1|
    |ap_block_pp5_stage117_11001            |    and   |      0|  0|   2|           1|           1|
    |ap_block_pp5_stage118_11001            |    and   |      0|  0|   2|           1|           1|
    |ap_block_pp5_stage119_11001            |    and   |      0|  0|   2|           1|           1|
    |ap_block_pp5_stage1_11001              |    and   |      0|  0|   2|           1|           1|
    |ap_block_pp6_stage0_11001              |    and   |      0|  0|   2|           1|           1|
    |ap_block_pp6_stage117_11001            |    and   |      0|  0|   2|           1|           1|
    |ap_block_pp6_stage118_11001            |    and   |      0|  0|   2|           1|           1|
    |ap_block_pp6_stage119_11001            |    and   |      0|  0|   2|           1|           1|
    |ap_block_pp6_stage1_11001              |    and   |      0|  0|   2|           1|           1|
    |ap_block_pp7_stage0_11001              |    and   |      0|  0|   2|           1|           1|
    |ap_block_pp7_stage117_11001            |    and   |      0|  0|   2|           1|           1|
    |ap_block_pp7_stage118_11001            |    and   |      0|  0|   2|           1|           1|
    |ap_block_pp7_stage119_11001            |    and   |      0|  0|   2|           1|           1|
    |ap_block_pp7_stage1_11001              |    and   |      0|  0|   2|           1|           1|
    |ap_block_pp8_stage0_11001              |    and   |      0|  0|   2|           1|           1|
    |ap_block_pp8_stage117_11001            |    and   |      0|  0|   2|           1|           1|
    |ap_block_pp8_stage118_11001            |    and   |      0|  0|   2|           1|           1|
    |ap_block_pp8_stage119_11001            |    and   |      0|  0|   2|           1|           1|
    |ap_block_pp8_stage1_11001              |    and   |      0|  0|   2|           1|           1|
    |ap_block_pp9_stage0_11001              |    and   |      0|  0|   2|           1|           1|
    |ap_block_pp9_stage117_11001            |    and   |      0|  0|   2|           1|           1|
    |ap_block_pp9_stage118_11001            |    and   |      0|  0|   2|           1|           1|
    |ap_block_pp9_stage119_11001            |    and   |      0|  0|   2|           1|           1|
    |ap_block_pp9_stage1_11001              |    and   |      0|  0|   2|           1|           1|
    |ap_block_state1068_pp5_stage0_iter1    |    and   |      0|  0|   2|           1|           1|
    |ap_block_state1071_io                  |    and   |      0|  0|   2|           1|           1|
    |ap_block_state1187_pp6_stage117_iter0  |    and   |      0|  0|   2|           1|           1|
    |ap_block_state1188_io                  |    and   |      0|  0|   2|           1|           1|
    |ap_block_state1189_io                  |    and   |      0|  0|   2|           1|           1|
    |ap_block_state119_pp0_stage1_iter0     |    and   |      0|  0|   2|           1|           1|
    |ap_block_state1303_pp6_stage0_iter1    |    and   |      0|  0|   2|           1|           1|
    |ap_block_state1306_io                  |    and   |      0|  0|   2|           1|           1|
    |ap_block_state131_io                   |    and   |      0|  0|   2|           1|           1|
    |ap_block_state1422_pp7_stage117_iter0  |    and   |      0|  0|   2|           1|           1|
    |ap_block_state1423_io                  |    and   |      0|  0|   2|           1|           1|
    |ap_block_state1424_io                  |    and   |      0|  0|   2|           1|           1|
    |ap_block_state1538_pp7_stage0_iter1    |    and   |      0|  0|   2|           1|           1|
    |ap_block_state1541_io                  |    and   |      0|  0|   2|           1|           1|
    |ap_block_state1657_pp8_stage117_iter0  |    and   |      0|  0|   2|           1|           1|
    |ap_block_state1658_io                  |    and   |      0|  0|   2|           1|           1|
    |ap_block_state1659_io                  |    and   |      0|  0|   2|           1|           1|
    |ap_block_state1773_pp8_stage0_iter1    |    and   |      0|  0|   2|           1|           1|
    |ap_block_state1776_io                  |    and   |      0|  0|   2|           1|           1|
    |ap_block_state1892_pp9_stage117_iter0  |    and   |      0|  0|   2|           1|           1|
    |ap_block_state1893_io                  |    and   |      0|  0|   2|           1|           1|
    |ap_block_state1894_io                  |    and   |      0|  0|   2|           1|           1|
    |ap_block_state2008_pp9_stage0_iter1    |    and   |      0|  0|   2|           1|           1|
    |ap_block_state247_pp2_stage117_iter0   |    and   |      0|  0|   2|           1|           1|
    |ap_block_state248_io                   |    and   |      0|  0|   2|           1|           1|
    |ap_block_state249_io                   |    and   |      0|  0|   2|           1|           1|
    |ap_block_state363_pp2_stage0_iter1     |    and   |      0|  0|   2|           1|           1|
    |ap_block_state366_io                   |    and   |      0|  0|   2|           1|           1|
    |ap_block_state482_pp3_stage117_iter0   |    and   |      0|  0|   2|           1|           1|
    |ap_block_state483_io                   |    and   |      0|  0|   2|           1|           1|
    |ap_block_state484_io                   |    and   |      0|  0|   2|           1|           1|
    |ap_block_state598_pp3_stage0_iter1     |    and   |      0|  0|   2|           1|           1|
    |ap_block_state601_io                   |    and   |      0|  0|   2|           1|           1|
    |ap_block_state717_pp4_stage117_iter0   |    and   |      0|  0|   2|           1|           1|
    |ap_block_state718_io                   |    and   |      0|  0|   2|           1|           1|
    |ap_block_state719_io                   |    and   |      0|  0|   2|           1|           1|
    |ap_block_state833_pp4_stage0_iter1     |    and   |      0|  0|   2|           1|           1|
    |ap_block_state836_io                   |    and   |      0|  0|   2|           1|           1|
    |ap_block_state952_pp5_stage117_iter0   |    and   |      0|  0|   2|           1|           1|
    |ap_block_state953_io                   |    and   |      0|  0|   2|           1|           1|
    |ap_block_state954_io                   |    and   |      0|  0|   2|           1|           1|
    |icmp_ln404_10_fu_2482_p2               |   icmp   |      0|  0|   8|           2|           1|
    |icmp_ln404_11_fu_2487_p2               |   icmp   |      0|  0|   8|           2|           1|
    |icmp_ln404_12_fu_2756_p2               |   icmp   |      0|  0|   9|           2|           3|
    |icmp_ln404_13_fu_2769_p2               |   icmp   |      0|  0|   8|           2|           1|
    |icmp_ln404_14_fu_2774_p2               |   icmp   |      0|  0|   8|           2|           1|
    |icmp_ln404_15_fu_3018_p2               |   icmp   |      0|  0|   9|           2|           3|
    |icmp_ln404_16_fu_3031_p2               |   icmp   |      0|  0|   8|           2|           1|
    |icmp_ln404_17_fu_3036_p2               |   icmp   |      0|  0|   8|           2|           1|
    |icmp_ln404_18_fu_3273_p2               |   icmp   |      0|  0|   9|           2|           3|
    |icmp_ln404_19_fu_3286_p2               |   icmp   |      0|  0|   8|           2|           1|
    |icmp_ln404_1_fu_1712_p2                |   icmp   |      0|  0|   8|           2|           1|
    |icmp_ln404_20_fu_3291_p2               |   icmp   |      0|  0|   8|           2|           1|
    |icmp_ln404_21_fu_3526_p2               |   icmp   |      0|  0|   9|           2|           3|
    |icmp_ln404_22_fu_3539_p2               |   icmp   |      0|  0|   8|           2|           1|
    |icmp_ln404_23_fu_3544_p2               |   icmp   |      0|  0|   8|           2|           1|
    |icmp_ln404_2_fu_1717_p2                |   icmp   |      0|  0|   8|           2|           1|
    |icmp_ln404_3_fu_1961_p2                |   icmp   |      0|  0|   9|           2|           3|
    |icmp_ln404_4_fu_1974_p2                |   icmp   |      0|  0|   8|           2|           1|
    |icmp_ln404_5_fu_1979_p2                |   icmp   |      0|  0|   8|           2|           1|
    |icmp_ln404_6_fu_2216_p2                |   icmp   |      0|  0|   9|           2|           3|
    |icmp_ln404_7_fu_2229_p2                |   icmp   |      0|  0|   8|           2|           1|
    |icmp_ln404_8_fu_2234_p2                |   icmp   |      0|  0|   8|           2|           1|
    |icmp_ln404_9_fu_2469_p2                |   icmp   |      0|  0|   9|           2|           3|
    |icmp_ln404_fu_1699_p2                  |   icmp   |      0|  0|   9|           2|           3|
    |icmp_ln429_10_fu_2037_p2               |   icmp   |      0|  0|  20|          31|           1|
    |icmp_ln429_11_fu_2043_p2               |   icmp   |      0|  0|  20|          32|           1|
    |icmp_ln429_12_fu_2270_p2               |   icmp   |      0|  0|  20|          32|           9|
    |icmp_ln429_13_fu_2276_p2               |   icmp   |      0|  0|  20|          32|           8|
    |icmp_ln429_14_fu_2292_p2               |   icmp   |      0|  0|  20|          31|           1|
    |icmp_ln429_15_fu_2298_p2               |   icmp   |      0|  0|  20|          32|           1|
    |icmp_ln429_16_fu_2555_p2               |   icmp   |      0|  0|  20|          32|           9|
    |icmp_ln429_17_fu_2561_p2               |   icmp   |      0|  0|  20|          32|           8|
    |icmp_ln429_18_fu_2577_p2               |   icmp   |      0|  0|  20|          31|           1|
    |icmp_ln429_19_fu_2583_p2               |   icmp   |      0|  0|  20|          32|           1|
    |icmp_ln429_1_fu_1504_p2                |   icmp   |      0|  0|  20|          32|           8|
    |icmp_ln429_20_fu_2819_p2               |   icmp   |      0|  0|  20|          32|           9|
    |icmp_ln429_21_fu_2825_p2               |   icmp   |      0|  0|  20|          32|           8|
    |icmp_ln429_22_fu_2841_p2               |   icmp   |      0|  0|  20|          31|           1|
    |icmp_ln429_23_fu_2847_p2               |   icmp   |      0|  0|  20|          32|           1|
    |icmp_ln429_24_fu_3072_p2               |   icmp   |      0|  0|  20|          32|           9|
    |icmp_ln429_25_fu_3078_p2               |   icmp   |      0|  0|  20|          32|           8|
    |icmp_ln429_26_fu_3094_p2               |   icmp   |      0|  0|  20|          31|           1|
    |icmp_ln429_27_fu_3100_p2               |   icmp   |      0|  0|  20|          32|           1|
    |icmp_ln429_28_fu_3327_p2               |   icmp   |      0|  0|  20|          32|           9|
    |icmp_ln429_29_fu_3333_p2               |   icmp   |      0|  0|  20|          32|           8|
    |icmp_ln429_2_fu_1520_p2                |   icmp   |      0|  0|  20|          31|           1|
    |icmp_ln429_30_fu_3349_p2               |   icmp   |      0|  0|  20|          31|           1|
    |icmp_ln429_31_fu_3355_p2               |   icmp   |      0|  0|  20|          32|           1|
    |icmp_ln429_3_fu_1526_p2                |   icmp   |      0|  0|  20|          32|           1|
    |icmp_ln429_4_fu_1762_p2                |   icmp   |      0|  0|  20|          32|           9|
    |icmp_ln429_5_fu_1768_p2                |   icmp   |      0|  0|  20|          32|           8|
    |icmp_ln429_6_fu_1784_p2                |   icmp   |      0|  0|  20|          31|           1|
    |icmp_ln429_7_fu_1790_p2                |   icmp   |      0|  0|  20|          32|           1|
    |icmp_ln429_8_fu_2015_p2                |   icmp   |      0|  0|  20|          32|           9|
    |icmp_ln429_9_fu_2021_p2                |   icmp   |      0|  0|  20|          32|           8|
    |icmp_ln429_fu_1498_p2                  |   icmp   |      0|  0|  20|          32|           9|
    |icmp_ln432_10_fu_2938_p2               |   icmp   |      0|  0|  20|          32|          32|
    |icmp_ln432_11_fu_2943_p2               |   icmp   |      0|  0|  20|          32|          32|
    |icmp_ln432_12_fu_3191_p2               |   icmp   |      0|  0|  20|          32|          32|
    |icmp_ln432_13_fu_3196_p2               |   icmp   |      0|  0|  20|          32|          32|
    |icmp_ln432_14_fu_3446_p2               |   icmp   |      0|  0|  20|          32|          32|
    |icmp_ln432_15_fu_3451_p2               |   icmp   |      0|  0|  20|          32|          32|
    |icmp_ln432_1_fu_1622_p2                |   icmp   |      0|  0|  20|          32|          32|
    |icmp_ln432_2_fu_1881_p2                |   icmp   |      0|  0|  20|          32|          32|
    |icmp_ln432_3_fu_1886_p2                |   icmp   |      0|  0|  20|          32|          32|
    |icmp_ln432_4_fu_2134_p2                |   icmp   |      0|  0|  20|          32|          32|
    |icmp_ln432_5_fu_2139_p2                |   icmp   |      0|  0|  20|          32|          32|
    |icmp_ln432_6_fu_2389_p2                |   icmp   |      0|  0|  20|          32|          32|
    |icmp_ln432_7_fu_2394_p2                |   icmp   |      0|  0|  20|          32|          32|
    |icmp_ln432_8_fu_2674_p2                |   icmp   |      0|  0|  20|          32|          32|
    |icmp_ln432_9_fu_2679_p2                |   icmp   |      0|  0|  20|          32|          32|
    |icmp_ln432_fu_1617_p2                  |   icmp   |      0|  0|  20|          32|          32|
    |icmp_ln434_1_fu_1897_p2                |   icmp   |      0|  0|  20|          32|           1|
    |icmp_ln434_2_fu_2150_p2                |   icmp   |      0|  0|  20|          32|           6|
    |icmp_ln434_3_fu_2405_p2                |   icmp   |      0|  0|  20|          32|           1|
    |icmp_ln434_4_fu_2690_p2                |   icmp   |      0|  0|  20|          32|           6|
    |icmp_ln434_5_fu_2954_p2                |   icmp   |      0|  0|  20|          32|           1|
    |icmp_ln434_6_fu_3207_p2                |   icmp   |      0|  0|  20|          32|           6|
    |icmp_ln434_7_fu_3462_p2                |   icmp   |      0|  0|  20|          32|           1|
    |icmp_ln434_fu_1633_p2                  |   icmp   |      0|  0|  20|          32|           6|
    |icmp_ln435_1_fu_2439_p2                |   icmp   |      0|  0|  20|          32|           4|
    |icmp_ln435_2_fu_2988_p2                |   icmp   |      0|  0|  20|          32|           4|
    |icmp_ln435_3_fu_3496_p2                |   icmp   |      0|  0|  20|          32|           4|
    |icmp_ln435_fu_1931_p2                  |   icmp   |      0|  0|  20|          32|           4|
    |icmp_ln536_fu_901_p2                   |   icmp   |      0|  0|  13|          15|          15|
    |icmp_ln545_fu_1057_p2                  |   icmp   |      0|  0|  20|          17|          17|
    |icmp_ln546_fu_1063_p2                  |   icmp   |      0|  0|  13|           9|           9|
    |icmp_ln560_fu_1392_p2                  |   icmp   |      0|  0|  13|          13|          13|
    |icmp_ln565_fu_1436_p2                  |   icmp   |      0|  0|  20|          32|          32|
    |ap_block_state1                        |    or    |      0|  0|   2|           1|           1|
    |empty_14_fu_1730_p2                    |    or    |      0|  0|   2|           1|           1|
    |empty_16_fu_1992_p2                    |    or    |      0|  0|   2|           1|           1|
    |empty_18_fu_2247_p2                    |    or    |      0|  0|   2|           1|           1|
    |empty_20_fu_2500_p2                    |    or    |      0|  0|   2|           1|           1|
    |empty_22_fu_2787_p2                    |    or    |      0|  0|   2|           1|           1|
    |empty_24_fu_3049_p2                    |    or    |      0|  0|   2|           1|           1|
    |empty_26_fu_3304_p2                    |    or    |      0|  0|   2|           1|           1|
    |empty_28_fu_3557_p2                    |    or    |      0|  0|   2|           1|           1|
    |or_ln430_1_fu_2010_p2                  |    or    |      0|  0|  32|          32|          32|
    |or_ln430_2_fu_2265_p2                  |    or    |      0|  0|  32|          32|          32|
    |or_ln430_3_fu_2518_p2                  |    or    |      0|  0|  32|          32|          32|
    |or_ln430_4_fu_2805_p2                  |    or    |      0|  0|  32|          32|          32|
    |or_ln430_5_fu_3067_p2                  |    or    |      0|  0|  32|          32|          32|
    |or_ln430_6_fu_3322_p2                  |    or    |      0|  0|  32|          32|          32|
    |or_ln430_7_fu_3575_p2                  |    or    |      0|  0|  32|          32|          32|
    |or_ln430_fu_1748_p2                    |    or    |      0|  0|  32|          32|          32|
    |or_ln540_fu_952_p2                     |    or    |      0|  0|  17|          17|           1|
    |or_ln541_fu_963_p2                     |    or    |      0|  0|  17|          17|           2|
    |or_ln542_fu_974_p2                     |    or    |      0|  0|  17|          17|           2|
    |err_12_fu_2730_p3                      |  select  |      0|  0|  32|           1|          32|
    |err_14_fu_2972_p3                      |  select  |      0|  0|  32|           1|          32|
    |err_17_fu_3247_p3                      |  select  |      0|  0|  32|           1|          32|
    |err_19_fu_3480_p3                      |  select  |      0|  0|  32|           1|          32|
    |err_2_fu_1673_p3                       |  select  |      0|  0|  32|           1|          32|
    |err_4_fu_1915_p3                       |  select  |      0|  0|  32|           1|          32|
    |err_7_fu_2190_p3                       |  select  |      0|  0|  32|           1|          32|
    |err_9_fu_2423_p3                       |  select  |      0|  0|  32|           1|          32|
    |p_0_i100_fu_2506_p3                    |  select  |      0|  0|  27|           1|          25|
    |p_0_i107_fu_2793_p3                    |  select  |      0|  0|  27|           1|          25|
    |p_0_i114_fu_3055_p3                    |  select  |      0|  0|  27|           1|          25|
    |p_0_i121_fu_3310_p3                    |  select  |      0|  0|  27|           1|          25|
    |p_0_i128_fu_3563_p3                    |  select  |      0|  0|  27|           1|          25|
    |p_0_i79_fu_1736_p3                     |  select  |      0|  0|  27|           1|          25|
    |p_0_i86_fu_1998_p3                     |  select  |      0|  0|  27|           1|          25|
    |p_0_i93_fu_2253_p3                     |  select  |      0|  0|  27|           1|          25|
    |p_cast45_cast_fu_3296_p3               |  select  |      0|  0|  16|           1|           8|
    |p_cast48_cast_fu_3041_p3               |  select  |      0|  0|  16|           1|           8|
    |p_cast51_cast_fu_2779_p3               |  select  |      0|  0|  16|           1|           8|
    |p_cast54_cast_fu_2492_p3               |  select  |      0|  0|  16|           1|           8|
    |p_cast57_cast_fu_2239_p3               |  select  |      0|  0|  16|           1|           8|
    |p_cast60_cast_fu_1984_p3               |  select  |      0|  0|  16|           1|           8|
    |p_cast63_cast_fu_1722_p3               |  select  |      0|  0|  16|           1|           8|
    |p_cast_cast_fu_3549_p3                 |  select  |      0|  0|  16|           1|           8|
    |p_max_locx_2_fu_1442_p3                |  select  |      0|  0|  16|           1|          16|
    |p_max_locy_fu_1450_p3                  |  select  |      0|  0|  16|           1|          16|
    |p_min_val_fu_1458_p3                   |  select  |      0|  0|  32|           1|          32|
    |select_ln404_1_fu_1966_p3              |  select  |      0|  0|  27|           1|          24|
    |select_ln404_2_fu_2221_p3              |  select  |      0|  0|  27|           1|          24|
    |select_ln404_3_fu_2474_p3              |  select  |      0|  0|  27|           1|          24|
    |select_ln404_4_fu_2761_p3              |  select  |      0|  0|  27|           1|          24|
    |select_ln404_5_fu_3023_p3              |  select  |      0|  0|  27|           1|          24|
    |select_ln404_6_fu_3278_p3              |  select  |      0|  0|  27|           1|          24|
    |select_ln404_7_fu_3531_p3              |  select  |      0|  0|  27|           1|          24|
    |select_ln404_fu_1704_p3                |  select  |      0|  0|  27|           1|          24|
    |select_ln434_11_fu_3488_p3             |  select  |      0|  0|  32|           1|          32|
    |select_ln434_1_fu_2162_p3              |  select  |      0|  0|  32|           1|          32|
    |select_ln434_2_fu_2702_p3              |  select  |      0|  0|  32|           1|          32|
    |select_ln434_3_fu_3219_p3              |  select  |      0|  0|  32|           1|          32|
    |select_ln434_5_fu_1923_p3              |  select  |      0|  0|  32|           1|          32|
    |select_ln434_7_fu_2431_p3              |  select  |      0|  0|  32|           1|          32|
    |select_ln434_9_fu_2980_p3              |  select  |      0|  0|  32|           1|          32|
    |select_ln434_fu_1645_p3                |  select  |      0|  0|  32|           1|          32|
    |select_ln435_11_fu_3255_p3             |  select  |      0|  0|  32|           1|          32|
    |select_ln435_1_fu_2451_p3              |  select  |      0|  0|  32|           1|          32|
    |select_ln435_2_fu_3000_p3              |  select  |      0|  0|  32|           1|          32|
    |select_ln435_3_fu_3508_p3              |  select  |      0|  0|  32|           1|          32|
    |select_ln435_5_fu_1681_p3              |  select  |      0|  0|  32|           1|          32|
    |select_ln435_7_fu_2198_p3              |  select  |      0|  0|  32|           1|          32|
    |select_ln435_9_fu_2738_p3              |  select  |      0|  0|  32|           1|          32|
    |select_ln435_fu_1943_p3                |  select  |      0|  0|  32|           1|          32|
    |select_ln545_1_fu_1077_p3              |  select  |      0|  0|   8|           1|           8|
    |select_ln545_2_fu_1091_p3              |  select  |      0|  0|  17|           1|          17|
    |select_ln545_3_fu_1129_p3              |  select  |      0|  0|  17|           1|          17|
    |select_ln545_fu_1069_p3                |  select  |      0|  0|   9|           1|           1|
    |select_ln560_1_fu_1408_p3              |  select  |      0|  0|  16|           1|          16|
    |select_ln560_2_fu_1425_p3              |  select  |      0|  0|   8|           1|           8|
    |select_ln560_fu_1400_p3                |  select  |      0|  0|  16|           1|          16|
    |ap_enable_pp0                          |    xor   |      0|  0|   2|           1|           2|
    |ap_enable_pp1                          |    xor   |      0|  0|   2|           1|           2|
    |ap_enable_pp2                          |    xor   |      0|  0|   2|           1|           2|
    |ap_enable_pp3                          |    xor   |      0|  0|   2|           1|           2|
    |ap_enable_pp4                          |    xor   |      0|  0|   2|           1|           2|
    |ap_enable_pp5                          |    xor   |      0|  0|   2|           1|           2|
    |ap_enable_pp6                          |    xor   |      0|  0|   2|           1|           2|
    |ap_enable_pp7                          |    xor   |      0|  0|   2|           1|           2|
    |ap_enable_pp8                          |    xor   |      0|  0|   2|           1|           2|
    |ap_enable_pp9                          |    xor   |      0|  0|   2|           1|           2|
    +---------------------------------------+----------+-------+---+----+------------+------------+
    |Total                                  |          |      0|  0|5839|        4239|        3533|
    +---------------------------------------+----------+-------+---+----+------------+------------+

    * Multiplexer: 
    +-----------------------------------------+------+-----------+-----+-----------+
    |                   Name                  |  LUT | Input Size| Bits| Total Bits|
    +-----------------------------------------+------+-----------+-----+-----------+
    |ap_NS_fsm                                |  2193|       2000|    1|       2000|
    |ap_enable_reg_pp0_iter1                  |     9|          2|    1|          2|
    |ap_enable_reg_pp1_iter1                  |     9|          2|    1|          2|
    |ap_enable_reg_pp2_iter1                  |     9|          2|    1|          2|
    |ap_enable_reg_pp3_iter1                  |     9|          2|    1|          2|
    |ap_enable_reg_pp4_iter1                  |     9|          2|    1|          2|
    |ap_enable_reg_pp5_iter1                  |     9|          2|    1|          2|
    |ap_enable_reg_pp6_iter1                  |     9|          2|    1|          2|
    |ap_enable_reg_pp7_iter1                  |     9|          2|    1|          2|
    |ap_enable_reg_pp8_iter1                  |     9|          2|    1|          2|
    |ap_enable_reg_pp9_iter1                  |     9|          2|    1|          2|
    |ap_phi_mux_e2_1_phi_fu_679_p4            |     9|          2|   32|         64|
    |ap_phi_mux_e2_3_phi_fu_737_p4            |     9|          2|   32|         64|
    |ap_phi_mux_e2_5_phi_fu_795_p4            |     9|          2|   32|         64|
    |ap_phi_mux_e2_7_phi_fu_853_p4            |     9|          2|   32|         64|
    |ap_phi_mux_err_20_phi_fu_650_p4          |     9|          2|   32|         64|
    |ap_phi_mux_err_21_phi_fu_708_p4          |     9|          2|   32|         64|
    |ap_phi_mux_err_22_phi_fu_766_p4          |     9|          2|   32|         64|
    |ap_phi_mux_err_23_phi_fu_824_p4          |     9|          2|   32|         64|
    |ap_phi_mux_i_0_phi_fu_522_p4             |     9|          2|   15|         30|
    |ap_phi_mux_idx_0_phi_fu_568_p4           |     9|          2|    9|         18|
    |ap_phi_mux_idy_0_phi_fu_557_p4           |     9|          2|    8|         16|
    |ap_phi_mux_indvar_flatten_phi_fu_545_p4  |     9|          2|   17|         34|
    |ap_phi_mux_p_01_i104_phi_fu_805_p4       |     9|          2|   32|         64|
    |ap_phi_mux_p_01_i121_phi_fu_776_p4       |     9|          2|   32|         64|
    |ap_phi_mux_p_01_i138_phi_fu_747_p4       |     9|          2|   32|         64|
    |ap_phi_mux_p_01_i155_phi_fu_718_p4       |     9|          2|   32|         64|
    |ap_phi_mux_p_01_i172_phi_fu_689_p4       |     9|          2|   32|         64|
    |ap_phi_mux_p_01_i189_phi_fu_660_p4       |     9|          2|   32|         64|
    |ap_phi_mux_p_01_i88_phi_fu_834_p4        |     9|          2|   32|         64|
    |ap_phi_mux_p_01_i_phi_fu_863_p4          |     9|          2|   32|         64|
    |ap_phi_mux_p_0_i105_phi_fu_814_p4        |     9|          2|   32|         64|
    |ap_phi_mux_p_0_i122_phi_fu_785_p4        |     9|          2|   32|         64|
    |ap_phi_mux_p_0_i139_phi_fu_756_p4        |     9|          2|   32|         64|
    |ap_phi_mux_p_0_i156_phi_fu_727_p4        |     9|          2|   32|         64|
    |ap_phi_mux_p_0_i173_phi_fu_698_p4        |     9|          2|   32|         64|
    |ap_phi_mux_p_0_i190_phi_fu_669_p4        |     9|          2|   32|         64|
    |ap_phi_mux_p_0_i89_phi_fu_843_p4         |     9|          2|   32|         64|
    |ap_phi_mux_p_0_i_phi_fu_872_p4           |     9|          2|   32|         64|
    |cam_mat_i_data_V_address0                |    41|          8|   17|        136|
    |cam_mat_i_data_V_address1                |    38|          7|   17|        119|
    |cam_mat_i_data_V_d0                      |    15|          3|    8|         24|
    |cam_mat_i_data_V_d1                      |    15|          3|    8|         24|
    |done_TDATA_blk_n                         |     9|          2|    1|          2|
    |e2_1_reg_675                             |     9|          2|   32|         64|
    |e2_3_reg_733                             |     9|          2|   32|         64|
    |e2_5_reg_791                             |     9|          2|   32|         64|
    |e2_7_reg_849                             |     9|          2|   32|         64|
    |err_20_reg_646                           |     9|          2|   32|         64|
    |err_21_reg_704                           |     9|          2|   32|         64|
    |err_22_reg_762                           |     9|          2|   32|         64|
    |err_23_reg_820                           |     9|          2|   32|         64|
    |gmem_ARADDR                              |    47|         10|   32|        320|
    |gmem_ARLEN                               |    15|          3|   32|         96|
    |gmem_AWADDR                              |    44|          9|   32|        288|
    |gmem_WDATA                               |    44|          9|   32|        288|
    |gmem_blk_n_AR                            |     9|          2|    1|          2|
    |gmem_blk_n_AW                            |     9|          2|    1|          2|
    |gmem_blk_n_B                             |     9|          2|    1|          2|
    |gmem_blk_n_R                             |     9|          2|    1|          2|
    |gmem_blk_n_W                             |     9|          2|    1|          2|
    |i_0_reg_518                              |     9|          2|   15|         30|
    |idx_0_reg_564                            |     9|          2|    9|         18|
    |idy_0_reg_553                            |     9|          2|    8|         16|
    |indvar_flatten_reg_541                   |     9|          2|   17|         34|
    |j_0_reg_529                              |     9|          2|   17|         34|
    |p_01_i104_reg_802                        |     9|          2|   32|         64|
    |p_01_i121_reg_773                        |     9|          2|   32|         64|
    |p_01_i138_reg_744                        |     9|          2|   32|         64|
    |p_01_i155_reg_715                        |     9|          2|   32|         64|
    |p_01_i172_reg_686                        |     9|          2|   32|         64|
    |p_01_i189_reg_657                        |     9|          2|   32|         64|
    |p_01_i88_reg_831                         |     9|          2|   32|         64|
    |p_01_i_reg_860                           |     9|          2|   32|         64|
    |p_0_i105_reg_811                         |     9|          2|   32|         64|
    |p_0_i122_reg_782                         |     9|          2|   32|         64|
    |p_0_i139_reg_753                         |     9|          2|   32|         64|
    |p_0_i156_reg_724                         |     9|          2|   32|         64|
    |p_0_i173_reg_695                         |     9|          2|   32|         64|
    |p_0_i190_reg_666                         |     9|          2|   32|         64|
    |p_0_i89_reg_840                          |     9|          2|   32|         64|
    |p_0_i_reg_869                            |     9|          2|   32|         64|
    |p_max_val_1_reg_634                      |     9|          2|   32|         64|
    |p_min_val_1_reg_623                      |     9|          2|    9|         18|
    |start_TDATA_blk_n                        |     9|          2|    1|          2|
    +-----------------------------------------+------+-----------+-----+-----------+
    |Total                                    |  3136|       2204| 1888|       6713|
    +-----------------------------------------+------+-----------+-----+-----------+

    * Register: 
    +-----------------------------------+------+----+------+-----------+
    |                Name               |  FF  | LUT| Bits | Const Bits|
    +-----------------------------------+------+----+------+-----------+
    |add_ln430_16_reg_3860              |    31|   0|    31|          0|
    |add_ln430_17_reg_3920              |    31|   0|    31|          0|
    |add_ln430_18_reg_3972              |    31|   0|    31|          0|
    |add_ln430_19_reg_4024              |    31|   0|    31|          0|
    |add_ln430_20_reg_4105              |    31|   0|    31|          0|
    |add_ln430_21_reg_4165              |    31|   0|    31|          0|
    |add_ln430_22_reg_4217              |    31|   0|    31|          0|
    |add_ln430_23_reg_4269              |    31|   0|    31|          0|
    |add_ln545_1_reg_3698               |    17|   0|    17|          0|
    |add_ln545_reg_3703                 |    11|   0|    17|          6|
    |add_ln558_1_reg_3730               |     9|   0|     9|          0|
    |add_ln558_3_reg_3750               |    10|   0|    10|          0|
    |add_ln558_4_reg_3770               |     9|   0|     9|          0|
    |add_ln558_reg_3765                 |    17|   0|    17|          0|
    |and_ln429_11_reg_4013              |     1|   0|     1|          0|
    |and_ln429_14_reg_4094              |     1|   0|     1|          0|
    |and_ln429_17_reg_4154              |     1|   0|     1|          0|
    |and_ln429_20_reg_4206              |     1|   0|     1|          0|
    |and_ln429_23_reg_4258              |     1|   0|     1|          0|
    |and_ln429_2_reg_3849               |     1|   0|     1|          0|
    |and_ln429_5_reg_3909               |     1|   0|     1|          0|
    |and_ln429_8_reg_3961               |     1|   0|     1|          0|
    |and_ln432_1_reg_3925               |     1|   0|     1|          0|
    |and_ln432_2_reg_3977               |     1|   0|     1|          0|
    |and_ln432_3_reg_4029               |     1|   0|     1|          0|
    |and_ln432_4_reg_4110               |     1|   0|     1|          0|
    |and_ln432_5_reg_4170               |     1|   0|     1|          0|
    |and_ln432_6_reg_4222               |     1|   0|     1|          0|
    |and_ln432_7_reg_4274               |     1|   0|     1|          0|
    |and_ln432_reg_3865                 |     1|   0|     1|          0|
    |ap_CS_fsm                          |  1999|   0|  1999|          0|
    |ap_enable_reg_pp0_iter0            |     1|   0|     1|          0|
    |ap_enable_reg_pp0_iter1            |     1|   0|     1|          0|
    |ap_enable_reg_pp1_iter0            |     1|   0|     1|          0|
    |ap_enable_reg_pp1_iter1            |     1|   0|     1|          0|
    |ap_enable_reg_pp2_iter0            |     1|   0|     1|          0|
    |ap_enable_reg_pp2_iter1            |     1|   0|     1|          0|
    |ap_enable_reg_pp3_iter0            |     1|   0|     1|          0|
    |ap_enable_reg_pp3_iter1            |     1|   0|     1|          0|
    |ap_enable_reg_pp4_iter0            |     1|   0|     1|          0|
    |ap_enable_reg_pp4_iter1            |     1|   0|     1|          0|
    |ap_enable_reg_pp5_iter0            |     1|   0|     1|          0|
    |ap_enable_reg_pp5_iter1            |     1|   0|     1|          0|
    |ap_enable_reg_pp6_iter0            |     1|   0|     1|          0|
    |ap_enable_reg_pp6_iter1            |     1|   0|     1|          0|
    |ap_enable_reg_pp7_iter0            |     1|   0|     1|          0|
    |ap_enable_reg_pp7_iter1            |     1|   0|     1|          0|
    |ap_enable_reg_pp8_iter0            |     1|   0|     1|          0|
    |ap_enable_reg_pp8_iter1            |     1|   0|     1|          0|
    |ap_enable_reg_pp9_iter0            |     1|   0|     1|          0|
    |ap_enable_reg_pp9_iter1            |     1|   0|     1|          0|
    |cam_mat_i_data_V_loa_6_reg_3775    |     8|   0|     8|          0|
    |cam_mat_i_data_V_loa_7_reg_3780    |     8|   0|     8|          0|
    |e2_1_reg_675                       |    32|   0|    32|          0|
    |e2_3_reg_733                       |    32|   0|    32|          0|
    |e2_5_reg_791                       |    32|   0|    32|          0|
    |e2_7_reg_849                       |    32|   0|    32|          0|
    |err_12_reg_4119                    |    32|   0|    32|          0|
    |err_14_reg_4174                    |    32|   0|    32|          0|
    |err_17_reg_4231                    |    32|   0|    32|          0|
    |err_19_reg_4278                    |    32|   0|    32|          0|
    |err_20_reg_646                     |    32|   0|    32|          0|
    |err_21_reg_704                     |    32|   0|    32|          0|
    |err_22_reg_762                     |    32|   0|    32|          0|
    |err_23_reg_820                     |    32|   0|    32|          0|
    |err_2_reg_3874                     |    32|   0|    32|          0|
    |err_4_reg_3929                     |    32|   0|    32|          0|
    |err_7_reg_3986                     |    32|   0|    32|          0|
    |err_9_reg_4033                     |    32|   0|    32|          0|
    |gmem_addr_1_read_reg_3891          |    32|   0|    32|          0|
    |gmem_addr_1_reg_3884               |    31|   0|    32|          1|
    |gmem_addr_2_read_reg_3951          |    32|   0|    32|          0|
    |gmem_addr_2_reg_3944               |    31|   0|    32|          1|
    |gmem_addr_3_read_reg_4003          |    32|   0|    32|          0|
    |gmem_addr_3_reg_3996               |    31|   0|    32|          1|
    |gmem_addr_4_read_reg_4055          |    32|   0|    32|          0|
    |gmem_addr_4_reg_4048               |    31|   0|    32|          1|
    |gmem_addr_5_read_reg_4136          |    32|   0|    32|          0|
    |gmem_addr_5_reg_4129               |    31|   0|    32|          1|
    |gmem_addr_6_read_reg_4196          |    32|   0|    32|          0|
    |gmem_addr_6_reg_4189               |    31|   0|    32|          1|
    |gmem_addr_7_read_reg_4248          |    32|   0|    32|          0|
    |gmem_addr_7_reg_4241               |    31|   0|    32|          1|
    |gmem_addr_8_read_reg_4300          |    32|   0|    32|          0|
    |gmem_addr_8_reg_4293               |    31|   0|    32|          1|
    |i_0_reg_518                        |    15|   0|    15|          0|
    |i_reg_3618                         |    15|   0|    15|          0|
    |icmp_ln536_reg_3614                |     1|   0|     1|          0|
    |icmp_ln536_reg_3614_pp0_iter1_reg  |     1|   0|     1|          0|
    |icmp_ln545_reg_3648                |     1|   0|     1|          0|
    |idx_0_reg_564                      |     9|   0|     9|          0|
    |idx_reg_3714                       |     9|   0|     9|          0|
    |idy_0_reg_553                      |     8|   0|     8|          0|
    |indvar_flatten_reg_541             |    17|   0|    17|          0|
    |io_frame1_reg_3590                 |    30|   0|    30|          0|
    |j_0_reg_529                        |    17|   0|    17|          0|
    |or_ln430_1_reg_3956                |    32|   0|    32|          0|
    |or_ln430_2_reg_4008                |    32|   0|    32|          0|
    |or_ln430_3_reg_4060                |    32|   0|    32|          0|
    |or_ln430_4_reg_4141                |    32|   0|    32|          0|
    |or_ln430_5_reg_4201                |    32|   0|    32|          0|
    |or_ln430_6_reg_4253                |    32|   0|    32|          0|
    |or_ln430_7_reg_4305                |    32|   0|    32|          0|
    |or_ln430_reg_3896                  |    32|   0|    32|          0|
    |p_01_i104_reg_802                  |    32|   0|    32|          0|
    |p_01_i121_reg_773                  |    32|   0|    32|          0|
    |p_01_i138_reg_744                  |    32|   0|    32|          0|
    |p_01_i155_reg_715                  |    32|   0|    32|          0|
    |p_01_i172_reg_686                  |    32|   0|    32|          0|
    |p_01_i189_reg_657                  |    32|   0|    32|          0|
    |p_01_i88_reg_831                   |    32|   0|    32|          0|
    |p_01_i_reg_860                     |    32|   0|    32|          0|
    |p_0_i105_reg_811                   |    32|   0|    32|          0|
    |p_0_i122_reg_782                   |    32|   0|    32|          0|
    |p_0_i139_reg_753                   |    32|   0|    32|          0|
    |p_0_i156_reg_724                   |    32|   0|    32|          0|
    |p_0_i173_reg_695                   |    32|   0|    32|          0|
    |p_0_i190_reg_666                   |    32|   0|    32|          0|
    |p_0_i89_reg_840                    |    32|   0|    32|          0|
    |p_0_i_reg_869                      |    32|   0|    32|          0|
    |p_cast16_reg_3602                  |    30|   0|    31|          1|
    |p_max_locx_1_reg_599               |    16|   0|    16|          0|
    |p_max_locy_1_reg_611               |    16|   0|    16|          0|
    |p_max_val_1_reg_634                |    32|   0|    32|          0|
    |p_min_locx_1_reg_575               |    16|   0|    16|          0|
    |p_min_locy_1_reg_587               |    16|   0|    16|          0|
    |p_min_val_1_reg_623                |     9|   0|     9|          0|
    |rem_1_reg_3913                     |     2|   0|     2|          0|
    |rem_2_reg_3965                     |     2|   0|     2|          0|
    |rem_3_reg_4017                     |     2|   0|     2|          0|
    |rem_4_reg_4098                     |     2|   0|     2|          0|
    |rem_5_reg_4158                     |     2|   0|     2|          0|
    |rem_6_reg_4210                     |     2|   0|     2|          0|
    |rem_7_reg_4262                     |     2|   0|     2|          0|
    |rem_reg_3853                       |     2|   0|     2|          0|
    |select_ln434_11_reg_4283           |    32|   0|    32|          0|
    |select_ln434_1_reg_3981            |    32|   0|    32|          0|
    |select_ln434_2_reg_4114            |    32|   0|    32|          0|
    |select_ln434_3_reg_4226            |    32|   0|    32|          0|
    |select_ln434_5_reg_3934            |    32|   0|    32|          0|
    |select_ln434_7_reg_4038            |    32|   0|    32|          0|
    |select_ln434_9_reg_4179            |    32|   0|    32|          0|
    |select_ln434_reg_3869              |    32|   0|    32|          0|
    |select_ln435_11_reg_4236           |    32|   0|    32|          0|
    |select_ln435_1_reg_4043            |    32|   0|    32|          0|
    |select_ln435_2_reg_4184            |    32|   0|    32|          0|
    |select_ln435_3_reg_4288            |    32|   0|    32|          0|
    |select_ln435_5_reg_3879            |    32|   0|    32|          0|
    |select_ln435_7_reg_3991            |    32|   0|    32|          0|
    |select_ln435_9_reg_4124            |    32|   0|    32|          0|
    |select_ln435_reg_3939              |    32|   0|    32|          0|
    |select_ln545_1_reg_3659            |     8|   0|     8|          0|
    |select_ln545_2_reg_3665            |    11|   0|    17|          6|
    |select_ln545_3_reg_3672            |    11|   0|    17|          6|
    |select_ln545_reg_3652              |     9|   0|     9|          0|
    |sext_ln551_reg_3693                |    13|   0|    13|          0|
    |sext_ln574_reg_3833                |    32|   0|    32|          0|
    |sext_ln580_reg_4078                |    32|   0|    32|          0|
    |trunc_ln302_1_reg_3628             |     8|   0|     8|          0|
    |trunc_ln302_2_reg_3633             |     8|   0|     8|          0|
    |trunc_ln302_reg_3638               |     8|   0|     8|          0|
    |trunc_ln565_reg_3735               |     8|   0|     8|          0|
    |trunc_ln_reg_3623                  |     8|   0|     8|          0|
    |y0_1_reg_4065                      |    16|   0|    32|         16|
    |y0_reg_3820                        |    16|   0|    32|         16|
    |zext_ln416_1_reg_4073              |    16|   0|    17|          1|
    |zext_ln416_reg_3828                |    16|   0|    17|          1|
    |zext_ln546_reg_3678                |     9|   0|    17|          8|
    |zext_ln553_2_reg_3719              |     9|   0|    17|          8|
    |zext_ln574_reg_3841                |    17|   0|    32|         15|
    |zext_ln575_reg_3901                |    17|   0|    32|         15|
    |zext_ln580_reg_4086                |    17|   0|    32|         15|
    |zext_ln581_reg_4146                |    17|   0|    32|         15|
    +-----------------------------------+------+----+------+-----------+
    |Total                              |  5248|   0|  5385|        137|
    +-----------------------------------+------+----+------+-----------+



================================================================
== Interface
================================================================
* Summary: 
+------------------------+-----+-----+------------+----------------+--------------+
|        RTL Ports       | Dir | Bits|  Protocol  |  Source Object |    C Type    |
+------------------------+-----+-----+------------+----------------+--------------+
|s_axi_AXILiteS_AWVALID  |  in |    1|    s_axi   |    AXILiteS    |    scalar    |
|s_axi_AXILiteS_AWREADY  | out |    1|    s_axi   |    AXILiteS    |    scalar    |
|s_axi_AXILiteS_AWADDR   |  in |    5|    s_axi   |    AXILiteS    |    scalar    |
|s_axi_AXILiteS_WVALID   |  in |    1|    s_axi   |    AXILiteS    |    scalar    |
|s_axi_AXILiteS_WREADY   | out |    1|    s_axi   |    AXILiteS    |    scalar    |
|s_axi_AXILiteS_WDATA    |  in |   32|    s_axi   |    AXILiteS    |    scalar    |
|s_axi_AXILiteS_WSTRB    |  in |    4|    s_axi   |    AXILiteS    |    scalar    |
|s_axi_AXILiteS_ARVALID  |  in |    1|    s_axi   |    AXILiteS    |    scalar    |
|s_axi_AXILiteS_ARREADY  | out |    1|    s_axi   |    AXILiteS    |    scalar    |
|s_axi_AXILiteS_ARADDR   |  in |    5|    s_axi   |    AXILiteS    |    scalar    |
|s_axi_AXILiteS_RVALID   | out |    1|    s_axi   |    AXILiteS    |    scalar    |
|s_axi_AXILiteS_RREADY   |  in |    1|    s_axi   |    AXILiteS    |    scalar    |
|s_axi_AXILiteS_RDATA    | out |   32|    s_axi   |    AXILiteS    |    scalar    |
|s_axi_AXILiteS_RRESP    | out |    2|    s_axi   |    AXILiteS    |    scalar    |
|s_axi_AXILiteS_BVALID   | out |    1|    s_axi   |    AXILiteS    |    scalar    |
|s_axi_AXILiteS_BREADY   |  in |    1|    s_axi   |    AXILiteS    |    scalar    |
|s_axi_AXILiteS_BRESP    | out |    2|    s_axi   |    AXILiteS    |    scalar    |
|ap_clk                  |  in |    1| ap_ctrl_hs |  min_max_shmem | return value |
|ap_rst_n                |  in |    1| ap_ctrl_hs |  min_max_shmem | return value |
|ap_start                |  in |    1| ap_ctrl_hs |  min_max_shmem | return value |
|ap_done                 | out |    1| ap_ctrl_hs |  min_max_shmem | return value |
|ap_idle                 | out |    1| ap_ctrl_hs |  min_max_shmem | return value |
|ap_ready                | out |    1| ap_ctrl_hs |  min_max_shmem | return value |
|m_axi_gmem_AWVALID      | out |    1|    m_axi   |      gmem      |    pointer   |
|m_axi_gmem_AWREADY      |  in |    1|    m_axi   |      gmem      |    pointer   |
|m_axi_gmem_AWADDR       | out |   32|    m_axi   |      gmem      |    pointer   |
|m_axi_gmem_AWID         | out |    1|    m_axi   |      gmem      |    pointer   |
|m_axi_gmem_AWLEN        | out |    8|    m_axi   |      gmem      |    pointer   |
|m_axi_gmem_AWSIZE       | out |    3|    m_axi   |      gmem      |    pointer   |
|m_axi_gmem_AWBURST      | out |    2|    m_axi   |      gmem      |    pointer   |
|m_axi_gmem_AWLOCK       | out |    2|    m_axi   |      gmem      |    pointer   |
|m_axi_gmem_AWCACHE      | out |    4|    m_axi   |      gmem      |    pointer   |
|m_axi_gmem_AWPROT       | out |    3|    m_axi   |      gmem      |    pointer   |
|m_axi_gmem_AWQOS        | out |    4|    m_axi   |      gmem      |    pointer   |
|m_axi_gmem_AWREGION     | out |    4|    m_axi   |      gmem      |    pointer   |
|m_axi_gmem_AWUSER       | out |    1|    m_axi   |      gmem      |    pointer   |
|m_axi_gmem_WVALID       | out |    1|    m_axi   |      gmem      |    pointer   |
|m_axi_gmem_WREADY       |  in |    1|    m_axi   |      gmem      |    pointer   |
|m_axi_gmem_WDATA        | out |   32|    m_axi   |      gmem      |    pointer   |
|m_axi_gmem_WSTRB        | out |    4|    m_axi   |      gmem      |    pointer   |
|m_axi_gmem_WLAST        | out |    1|    m_axi   |      gmem      |    pointer   |
|m_axi_gmem_WID          | out |    1|    m_axi   |      gmem      |    pointer   |
|m_axi_gmem_WUSER        | out |    1|    m_axi   |      gmem      |    pointer   |
|m_axi_gmem_ARVALID      | out |    1|    m_axi   |      gmem      |    pointer   |
|m_axi_gmem_ARREADY      |  in |    1|    m_axi   |      gmem      |    pointer   |
|m_axi_gmem_ARADDR       | out |   32|    m_axi   |      gmem      |    pointer   |
|m_axi_gmem_ARID         | out |    1|    m_axi   |      gmem      |    pointer   |
|m_axi_gmem_ARLEN        | out |    8|    m_axi   |      gmem      |    pointer   |
|m_axi_gmem_ARSIZE       | out |    3|    m_axi   |      gmem      |    pointer   |
|m_axi_gmem_ARBURST      | out |    2|    m_axi   |      gmem      |    pointer   |
|m_axi_gmem_ARLOCK       | out |    2|    m_axi   |      gmem      |    pointer   |
|m_axi_gmem_ARCACHE      | out |    4|    m_axi   |      gmem      |    pointer   |
|m_axi_gmem_ARPROT       | out |    3|    m_axi   |      gmem      |    pointer   |
|m_axi_gmem_ARQOS        | out |    4|    m_axi   |      gmem      |    pointer   |
|m_axi_gmem_ARREGION     | out |    4|    m_axi   |      gmem      |    pointer   |
|m_axi_gmem_ARUSER       | out |    1|    m_axi   |      gmem      |    pointer   |
|m_axi_gmem_RVALID       |  in |    1|    m_axi   |      gmem      |    pointer   |
|m_axi_gmem_RREADY       | out |    1|    m_axi   |      gmem      |    pointer   |
|m_axi_gmem_RDATA        |  in |   32|    m_axi   |      gmem      |    pointer   |
|m_axi_gmem_RLAST        |  in |    1|    m_axi   |      gmem      |    pointer   |
|m_axi_gmem_RID          |  in |    1|    m_axi   |      gmem      |    pointer   |
|m_axi_gmem_RUSER        |  in |    1|    m_axi   |      gmem      |    pointer   |
|m_axi_gmem_RRESP        |  in |    2|    m_axi   |      gmem      |    pointer   |
|m_axi_gmem_BVALID       |  in |    1|    m_axi   |      gmem      |    pointer   |
|m_axi_gmem_BREADY       | out |    1|    m_axi   |      gmem      |    pointer   |
|m_axi_gmem_BRESP        |  in |    2|    m_axi   |      gmem      |    pointer   |
|m_axi_gmem_BID          |  in |    1|    m_axi   |      gmem      |    pointer   |
|m_axi_gmem_BUSER        |  in |    1|    m_axi   |      gmem      |    pointer   |
|start_TDATA             |  in |   32|    axis    | start_V_data_V |    pointer   |
|start_TVALID            |  in |    1|    axis    | start_V_last_V |    pointer   |
|start_TREADY            | out |    1|    axis    | start_V_last_V |    pointer   |
|start_TLAST             |  in |    1|    axis    | start_V_last_V |    pointer   |
|done_TDATA              | out |   32|    axis    |  done_V_data_V |    pointer   |
|done_TVALID             | out |    1|    axis    |  done_V_last_V |    pointer   |
|done_TREADY             |  in |    1|    axis    |  done_V_last_V |    pointer   |
|done_TLAST              | out |    1|    axis    |  done_V_last_V |    pointer   |
+------------------------+-----+-----+------------+----------------+--------------+

